Microchip MPLAB XC8 Compiler V2.20

Linker command line:

-W-3 --edf=D:\Program Files\Microchip\xc8\v2.20\pic\dat\en_msgs.txt -cn \
  -h+dist/default/production\16F877A_Keypad_input_pwm.X.production.sym \
  --cmf=dist/default/production\16F877A_Keypad_input_pwm.X.production.cmf \
  -z -Q16F877A -oC:\Users\Admin\AppData\Local\Temp\s4rg.2 \
  -Mdist/default/production/16F877A_Keypad_input_pwm.X.production.map -E1 \
  -ver=XC8 Compiler -ASTACK=0110h-016Fh -pstack=STACK -ACODE=00h-07FFhx4 \
  -ASTRCODE=00h-01FFFh -ASTRING=00h-0FFhx32 -ACONST=00h-0FFhx32 \
  -AENTRY=00h-0FFhx32 -ACOMMON=070h-07Fh -ABANK0=020h-06Fh \
  -ABANK1=0A0h-0EFh -ABANK2=0110h-016Fh -ABANK3=0190h-01EFh \
  -ARAM=020h-06Fh,0A0h-0EFh,0110h-016Fh,0190h-01EFh \
  -AABS1=020h-07Fh,0A0h-0EFh,0110h-016Fh,0190h-01EFh -ASFR0=00h-01Fh \
  -ASFR1=080h-09Fh -ASFR2=0100h-010Fh -ASFR3=0180h-018Fh \
  -ACONFIG=02007h-02007h -DCONFIG=2 -AIDLOC=02000h-02003h -DIDLOC=2 \
  -preset_vec=00h,intentry=04h,init,end_init -ppowerup=CODE -pcinit=CODE \
  -pfunctab=ENTRY -AEEDATA=00h-0FFh/02100h -peeprom_data=EEDATA -DEEDATA=2 \
  -DCODE=2 -DSTRCODE=2 -DSTRING=2 -DCONST=2 -DENTRY=2 -k \
  C:\Users\Admin\AppData\Local\Temp\s4rg.obj \
  dist/default/production\16F877A_Keypad_input_pwm.X.production.obj 

Object code version is 3.11

Machine type is 16F877A



                Name                               Link     Load   Length Selector   Space Scale
C:\Users\Admin\AppData\Local\Temp\s4rg.obj
                end_init                              C        C        3        8       0
                reset_vec                             0        0        3        0       0
                config                             2007     2007        1        0       4
dist/default/production\16F877A_Keypad_input_pwm.X.production.obj
                cinit                                 F        F       17        8       0
                intentry                              4        4        8        8       0
                config                             2007     2007        1        0       4
                text52                             1C10     1C10       2B     3820       0
                text51                             1BE9     1BE9       27     37D2       0
                text50                             1B33     1B33       18     3666       0
                text49                             1B4B     1B4B       18     3696       0
                text48                             1F45     1F45       5C     3E8A       0
                text47                             136F     136F       8D     26DE       0
                text46                             1C93     1C93       31     3926       0
                text45                             1188     1188       6C     2310       0
                text44                             1B63     1B63       21     36C6       0
                text43                             13FC     13FC       98     27F8       0
                text42                              822      822       B3     1044       0
                text41                             11F4     11F4       7B     23E8       0
                text40                             1B1F     1B1F       14     363E       0
                text39                             1494     1494       A7     2928       0
                text38                             1D74     1D74       42     3AE8       0
                text37                             1AB4     1AB4        7     3568       0
                text36                             1AC3     1AC3        B     3586       0
                text35                             1DB6     1DB6       4A     3B6C       0
                text34                             1CC4     1CC4       33     3988       0
                text33                             1CF7     1CF7       3E     39EE       0
                text32                             1AA2     1AA2        6     3544       0
                text31                             1B84     1B84       21     3708       0
                text30                             1D35     1D35       3F     3A6A       0
                text29                             1E98     1E98       54     3D30       0
                text28                              8D5      8D5      162     11AA       0
                text27                             1ADC     1ADC       10     35B8       0
                text26                              BA6      BA6      1B4     174C       0
                text25                             12EC     12EC       83     25D8       0
                text24                             1BA5     1BA5       21     374A       0
                text23                             126F     126F       7D     24DE       0
                text22                             1B0D     1B0D       12     361A       0
                text21                             1AA8     1AA8        6     3550       0
                text20                             1C66     1C66       2D     38CC       0
                text19                             1ABB     1ABB        8     3576       0
                text18                             15E3     15E3      105     2BC6       0
                text17                             116B     116B       1D     22D6       0
                text16                             1FA1     1FA1       5F     3F42       0
                text15                             1E4B     1E4B       4D     3C96       0
                text14                             1C3B     1C3B       2B     3876       0
                text13                             16E8     16E8      118     2DD0       0
                text12                             153B     153B       A8     2A76       0
                text11                             1AFC     1AFC       11     35F8       0
                text10                              801      801       21     1002       0
                text9                              1BC6     1BC6       23     378C       0
                text8                               A37      A37      16F     146E       0
                text7                              1ACE     1ACE        E     359C       0
                text6                              1EEC     1EEC       59     3DD8       0
                text5                              1E00     1E00       4B     3C00       0
                text4                               D5A      D5A      2A6     1AB4       0
                text3                                26       26      6D8        8       0
                text2                              1AAE     1AAE        6     355C       0
                text1                              1AEC     1AEC       10     35D8       0
                maintext                            6FE      6FE       FA        8       0
                cstackBANK0                          20       20       4A       20       1
                cstackCOMMON                         70       70        B       70       1
                cstackBANK1                          BD       BD       19       A0       1
                clrtext                             7F8      7F8        8        8       0
                bssBANK1                             A0       A0       1D       A0       1
                bssBANK0                             6A       6A        6       20       1
                dataCOMMON                           7B       7B        1       70       1
                stringtext                         1000     1000      168       20       0
                idataCOMMON                           3        3        1        0       0

TOTAL           Name                               Link     Load   Length     Space
        CLASS   STACK          

        CLASS   CODE           
                end_init                              C        C        3         0
                cinit                                 F        F       17         0
                intentry                              4        4        8         0
                reset_vec                             0        0        3         0
                text52                             1C10     1C10       2B         0
                text51                             1BE9     1BE9       27         0
                text50                             1B33     1B33       18         0
                text49                             1B4B     1B4B       18         0
                text48                             1F45     1F45       5C         0
                text47                             136F     136F       8D         0
                text46                             1C93     1C93       31         0
                text45                             1188     1188       6C         0
                text44                             1B63     1B63       21         0
                text43                             13FC     13FC       98         0
                text42                              822      822       B3         0
                text41                             11F4     11F4       7B         0
                text40                             1B1F     1B1F       14         0
                text39                             1494     1494       A7         0
                text38                             1D74     1D74       42         0
                text37                             1AB4     1AB4        7         0
                text36                             1AC3     1AC3        B         0
                text35                             1DB6     1DB6       4A         0
                text34                             1CC4     1CC4       33         0
                text33                             1CF7     1CF7       3E         0
                text32                             1AA2     1AA2        6         0
                text31                             1B84     1B84       21         0
                text30                             1D35     1D35       3F         0
                text29                             1E98     1E98       54         0
                text28                              8D5      8D5      162         0
                text27                             1ADC     1ADC       10         0
                text26                              BA6      BA6      1B4         0
                text25                             12EC     12EC       83         0
                text24                             1BA5     1BA5       21         0
                text23                             126F     126F       7D         0
                text22                             1B0D     1B0D       12         0
                text21                             1AA8     1AA8        6         0
                text20                             1C66     1C66       2D         0
                text19                             1ABB     1ABB        8         0
                text18                             15E3     15E3      105         0
                text17                             116B     116B       1D         0
                text16                             1FA1     1FA1       5F         0
                text15                             1E4B     1E4B       4D         0
                text14                             1C3B     1C3B       2B         0
                text13                             16E8     16E8      118         0
                text12                             153B     153B       A8         0
                text11                             1AFC     1AFC       11         0
                text10                              801      801       21         0
                text9                              1BC6     1BC6       23         0
                text8                               A37      A37      16F         0
                text7                              1ACE     1ACE        E         0
                text6                              1EEC     1EEC       59         0
                text5                              1E00     1E00       4B         0
                text4                               D5A      D5A      2A6         0
                text3                                26       26      6D8         0
                text2                              1AAE     1AAE        6         0
                text1                              1AEC     1AEC       10         0
                maintext                            6FE      6FE       FA         0
                clrtext                             7F8      7F8        8         0
                idataCOMMON                           3        3        1         0

        CLASS   STRCODE        
                stringtext                         1000     1000      168         0

        CLASS   STRING         

        CLASS   CONST          

        CLASS   ENTRY          

        CLASS   COMMON         
                cstackCOMMON                         70       70        B         1
                dataCOMMON                           7B       7B        1         1

        CLASS   BANK0          
                cstackBANK0                          20       20       4A         1
                bssBANK0                             6A       6A        6         1

        CLASS   BANK1          
                cstackBANK1                          BD       BD       19         1
                bssBANK1                             A0       A0       1D         1

        CLASS   BANK2          

        CLASS   BANK3          

        CLASS   RAM            

        CLASS   ABS1           
                abs_s1                               7E       7E        2         1

        CLASS   SFR0           

        CLASS   SFR1           

        CLASS   SFR2           

        CLASS   SFR3           

        CLASS   CONFIG         
                config                             2007     2007        1         4

        CLASS   IDLOC          

        CLASS   EEDATA         



SEGMENTS        Name                           Load    Length   Top    Selector   Space  Class     Delta

                reset_vec                      000000  000004  000004         0       0  CODE        2
                intentry                       000004  0007FC  000800         8       0  CODE        2
                cstackBANK0                    000020  000050  000070        20       1  BANK0       1
                cstackCOMMON                   000070  00000C  00007C        70       1  COMMON      1
                bssBANK1                       0000A0  000036  0000D6        A0       1  BANK1       1
                text10                         000801  000021  000822      1002       0  CODE        2
                text42                         000822  0000B3  0008D5      1044       0  CODE        2
                text28                         0008D5  000162  000A37      11AA       0  CODE        2
                text8                          000A37  00016F  000BA6      146E       0  CODE        2
                text26                         000BA6  0001B4  000D5A      174C       0  CODE        2
                text4                          000D5A  0002A6  001000      1AB4       0  CODE        2
                stringtext                     001000  000168  001168        20       0  STRCODE     2
                text17                         00116B  00001D  001188      22D6       0  CODE        2
                text45                         001188  00006C  0011F4      2310       0  CODE        2
                text41                         0011F4  00007B  00126F      23E8       0  CODE        2
                text23                         00126F  00007D  0012EC      24DE       0  CODE        2
                text25                         0012EC  000083  00136F      25D8       0  CODE        2
                text47                         00136F  00008D  0013FC      26DE       0  CODE        2
                text43                         0013FC  000098  001494      27F8       0  CODE        2
                text39                         001494  0000A7  00153B      2928       0  CODE        2
                text12                         00153B  0000A8  0015E3      2A76       0  CODE        2
                text18                         0015E3  000105  0016E8      2BC6       0  CODE        2
                text13                         0016E8  000118  001800      2DD0       0  CODE        2
                text32                         001AA2  000006  001AA8      3544       0  CODE        2
                text21                         001AA8  000006  001AAE      3550       0  CODE        2
                text2                          001AAE  000006  001AB4      355C       0  CODE        2
                text37                         001AB4  000007  001ABB      3568       0  CODE        2
                text19                         001ABB  000008  001AC3      3576       0  CODE        2
                text36                         001AC3  00000B  001ACE      3586       0  CODE        2
                text7                          001ACE  00000E  001ADC      359C       0  CODE        2
                text27                         001ADC  000010  001AEC      35B8       0  CODE        2
                text1                          001AEC  000010  001AFC      35D8       0  CODE        2
                text11                         001AFC  000011  001B0D      35F8       0  CODE        2
                text22                         001B0D  000012  001B1F      361A       0  CODE        2
                text40                         001B1F  000014  001B33      363E       0  CODE        2
                text50                         001B33  000018  001B4B      3666       0  CODE        2
                text49                         001B4B  000018  001B63      3696       0  CODE        2
                text44                         001B63  000021  001B84      36C6       0  CODE        2
                text31                         001B84  000021  001BA5      3708       0  CODE        2
                text24                         001BA5  000021  001BC6      374A       0  CODE        2
                text9                          001BC6  000023  001BE9      378C       0  CODE        2
                text51                         001BE9  000027  001C10      37D2       0  CODE        2
                text52                         001C10  00002B  001C3B      3820       0  CODE        2
                text14                         001C3B  00002B  001C66      3876       0  CODE        2
                text20                         001C66  00002D  001C93      38CC       0  CODE        2
                text46                         001C93  000031  001CC4      3926       0  CODE        2
                text34                         001CC4  000033  001CF7      3988       0  CODE        2
                text33                         001CF7  00003E  001D35      39EE       0  CODE        2
                text30                         001D35  00003F  001D74      3A6A       0  CODE        2
                text38                         001D74  000042  001DB6      3AE8       0  CODE        2
                text35                         001DB6  00004A  001E00      3B6C       0  CODE        2
                text5                          001E00  00004B  001E4B      3C00       0  CODE        2
                text15                         001E4B  00004D  001E98      3C96       0  CODE        2
                text29                         001E98  000054  001EEC      3D30       0  CODE        2
                text6                          001EEC  000059  001F45      3DD8       0  CODE        2
                text48                         001F45  00005C  001FA1      3E8A       0  CODE        2
                text16                         001FA1  00005F  002000      3F42       0  CODE        2


UNUSED ADDRESS RANGES

        Name                Unused          Largest block    Delta
        BANK1            00D6-00EF             1A           1
        BANK2            0110-016F             60           1
        BANK3            0190-01EF             60           1
        CODE             0800-0800              1           2
                         1168-116A              3
                         1800-1AA1            2A2
        COMMON           007C-007D              2           1
        CONST            0800-0800              1           2
                         1168-116A              3
                         1800-1AA1            100
        EEDATA           2100-21FF            100           2
        ENTRY            0800-0800              1           2
                         1168-116A              3
                         1800-1AA1            100
        IDLOC            2000-2003              4           2
        RAM              00D6-00EF             1A           1
                         0110-016F             60
                         0190-01EF             60
        SFR0             0000-001F             20           1
        SFR1             0080-009F             20           1
        SFR2             0100-010F             10           1
        SFR3             0180-018F             10           1
        STACK            0110-016F             60           1
        STRCODE          0800-0800              1           2
                         1168-116A              3
                         1800-1AA1            2A2
        STRING           0800-0800              1           2
                         1168-116A              3
                         1800-1AA1            100

                                  Symbol Table

?_PWM_Max_Duty              cstackBANK0  0026
?___aldiv                   cstackCOMMON 0072
?___awdiv                   cstackBANK0  0020
?___awmod                   cstackCOMMON 0072
?___awtoft                  cstackBANK0  002C
?___ftadd                   cstackBANK0  004A
?___ftdiv                   cstackBANK0  003F
?___ftmul                   cstackBANK0  0030
?___ftneg                   cstackCOMMON 0072
?___ftpack                  cstackCOMMON 0072
?___ftsub                   cstackBANK0  0056
?___fttol                   cstackBANK0  004E
?___lldiv                   cstackCOMMON 0072
?___llmod                   cstackCOMMON 0072
?___lltoft                  cstackBANK0  0020
?___lmul                    cstackCOMMON 0072
?___lwtoft                  cstackBANK0  0020
?___wmul                    cstackBANK0  0032
?__div_to_l_                cstackCOMMON 0072
?__tdiv_to_l_               cstackCOMMON 0072
?_convert                   cstackBANK0  0024
?_fround                    cstackBANK0  003F
?_inputValue                cstackBANK0  0038
?_scale                     cstackBANK0  003F
?_sprintf                   cstackBANK0  005C
Lcd_Cmd@a                   cstackCOMMON 0075
Lcd_Port@a                  cstackCOMMON 0072
Lcd_Set_Cursor@a            cstackBANK0  0020
Lcd_Set_Cursor@b            cstackCOMMON 0076
Lcd_Set_Cursor@temp         cstackBANK0  0023
Lcd_Set_Cursor@y            cstackBANK0  0022
Lcd_Set_Cursor@z            cstackBANK0  0021
Lcd_Write_Char@a            cstackCOMMON 0076
Lcd_Write_Char@temp         cstackCOMMON 0074
Lcd_Write_Char@y            cstackCOMMON 0075
Lcd_Write_String@a          cstackCOMMON 0077
Lcd_Write_String@i          cstackCOMMON 0079
PWM1_Set_duty@duty          cstackBANK0  005B
PWM1_init@freq              cstackBANK0  0026
UART_send_char@bt           cstackCOMMON 0072
UART_send_string@st_pt      cstackCOMMON 0073
_BRGH                       (abs)        04C2
_CCP1CONbits                (abs)        0017
_CCPR1L                     (abs)        0015
_CREN                       (abs)        00C4
_GIE                        (abs)        005F
_INTCONbits                 (abs)        000B
_INTE                       (abs)        005C
_INTEDG                     (abs)        040E
_Keypad_init                text51       1BE9
_Lcd_Clear                  text36       1AC3
_Lcd_Cmd                    text49       1B4B
_Lcd_Init                   text48       1F45
_Lcd_Port                   text50       1B33
_Lcd_Set_Cursor             text35       1DB6
_Lcd_Write_Char             text34       1CC4
_Lcd_Write_String           text33       1CF7
_NGAT                       text52       1C10
_OPTION_REG                 (abs)        0081
_OPTION_REGbits             (abs)        0081
_PEIE                       (abs)        005E
_PIE1bits                   (abs)        008C
_PIR1bits                   (abs)        000C
_PORTB                      (abs)        0006
_PORTC                      (abs)        0007
_PR2                        (abs)        0092
_PWM1_Set_duty              text39       1494
_PWM1_init                  text38       1D74
_PWM1_start                 text37       1AB4
_PWM_Max_Duty               text46       1C93
_RB1                        (abs)        0031
_RB2                        (abs)        0032
_RB3                        (abs)        0033
_RB4                        (abs)        0034
_RB5                        (abs)        0035
_RB6                        (abs)        0036
_RB7                        (abs)        0037
_RC0                        (abs)        0038
_RC3                        (abs)        003B
_RC4                        (abs)        003C
_RC5                        (abs)        003D
_RD2                        (abs)        0042
_RD3                        (abs)        0043
_RD4                        (abs)        0044
_RD5                        (abs)        0045
_RD6                        (abs)        0046
_RD7                        (abs)        0047
_RX9                        (abs)        00C6
_SPBRG                      (abs)        0099
_SPEN                       (abs)        00C7
_SYNC                       (abs)        04C4
_Speed                      text25       12EC
_SwitchMode                 text23       126F
_T1CONbits                  (abs)        0010
_T2CONbits                  (abs)        0012
_TMR1H                      (abs)        000F
_TMR1L                      (abs)        000E
_TRISB0                     (abs)        0430
_TRISB1                     (abs)        0431
_TRISB2                     (abs)        0432
_TRISB3                     (abs)        0433
_TRISB4                     (abs)        0434
_TRISB5                     (abs)        0435
_TRISB6                     (abs)        0436
_TRISB7                     (abs)        0437
_TRISC                      (abs)        0087
_TRISC2                     (abs)        043A
_TRISC3                     (abs)        043B
_TRISC5                     (abs)        043D
_TRISC6                     (abs)        043E
_TRISC7                     (abs)        043F
_TRISD                      (abs)        0088
_TX9                        (abs)        04C6
_TXEN                       (abs)        04C5
_TXIF                       (abs)        0064
_TXREG                      (abs)        0019
_UART_init                  text22       1B0D
_UART_send_char             text32       1AA2
_UART_send_string           text24       1BA5
__Habs1                     abs1         0000
__Hbank0                    bank0        0000
__Hbank1                    bank1        0000
__Hbank2                    bank2        0000
__Hbank3                    bank3        0000
__HbssBANK0                 bssBANK0     0000
__HbssBANK1                 bssBANK1     0000
__Hcinit                    cinit        0026
__Hclrtext                  clrtext      0000
__Hcode                     code         0000
__Hcommon                   common       0000
__Hconfig                   config       2008
__HcstackBANK0              cstackBANK0  0000
__HcstackBANK1              cstackBANK1  0000
__HcstackCOMMON             cstackCOMMON 0000
__HdataCOMMON               dataCOMMON   0000
__Heeprom_data              eeprom_data  0000
__Hend_init                 end_init     000F
__Hfunctab                  functab      0000
__HidataCOMMON              idataCOMMON  0000
__Hinit                     init         000C
__Hintentry                 intentry     000C
__Hmaintext                 maintext     0000
__Hpowerup                  powerup      0000
__Hram                      ram          0000
__Hreset_vec                reset_vec    0003
__Hsfr0                     sfr0         0000
__Hsfr1                     sfr1         0000
__Hsfr2                     sfr2         0000
__Hsfr3                     sfr3         0000
__Hspace_0                  (abs)        2000
__Hspace_1                  (abs)        00D6
__Hspace_2                  (abs)        0000
__Hspace_3                  (abs)        0000
__Hspace_4                  (abs)        400F
__Hstack                    stack        0000
__Hstrings                  strings      0000
__Hstringtext               stringtext   0000
__Htext                     text         0000
__Labs1                     abs1         0000
__Lbank0                    bank0        0000
__Lbank1                    bank1        0000
__Lbank2                    bank2        0000
__Lbank3                    bank3        0000
__LbssBANK0                 bssBANK0     0000
__LbssBANK1                 bssBANK1     0000
__Lcinit                    cinit        000F
__Lclrtext                  clrtext      0000
__Lcode                     code         0000
__Lcommon                   common       0000
__Lconfig                   config       0000
__LcstackBANK0              cstackBANK0  0000
__LcstackBANK1              cstackBANK1  0000
__LcstackCOMMON             cstackCOMMON 0000
__LdataCOMMON               dataCOMMON   0000
__Leeprom_data              eeprom_data  0000
__Lend_init                 end_init     000C
__Lfunctab                  functab      0000
__LidataCOMMON              idataCOMMON  0000
__Linit                     init         000C
__Lintentry                 intentry     0004
__Lmaintext                 maintext     0000
__Lpowerup                  powerup      0000
__Lram                      ram          0000
__Lreset_vec                reset_vec    0000
__Lsfr0                     sfr0         0000
__Lsfr1                     sfr1         0000
__Lsfr2                     sfr2         0000
__Lsfr3                     sfr3         0000
__Lspace_0                  (abs)        0000
__Lspace_1                  (abs)        0000
__Lspace_2                  (abs)        0000
__Lspace_3                  (abs)        0000
__Lspace_4                  (abs)        0000
__Lstack                    stack        0000
__Lstrings                  strings      0000
__Lstringtext               stringtext   0000
__Ltext                     text         0000
__S0                        (abs)        2000
__S1                        (abs)        00D6
__S2                        (abs)        0000
__S3                        (abs)        0000
___aldiv                    text47       136F
___aldiv@counter            cstackBANK0  0020
___aldiv@dividend           cstackCOMMON 0076
___aldiv@divisor            cstackCOMMON 0072
___aldiv@quotient           cstackBANK0  0022
___aldiv@sign               cstackBANK0  0021
___awdiv                    text6        1EEC
___awdiv@counter            cstackBANK0  0024
___awdiv@dividend           cstackBANK0  0022
___awdiv@divisor            cstackBANK0  0020
___awdiv@quotient           cstackBANK0  0026
___awdiv@sign               cstackBANK0  0025
___awmod                    text5        1E00
___awmod@counter            cstackCOMMON 0076
___awmod@dividend           cstackCOMMON 0074
___awmod@divisor            cstackCOMMON 0072
___awmod@sign               cstackCOMMON 0077
___awtoft                   text44       1B63
___awtoft@c                 cstackBANK0  002C
___awtoft@sign              cstackBANK0  002F
___bmul                     text11       1AFC
___bmul@multiplicand        cstackBANK0  0028
___bmul@multiplier          cstackCOMMON 007A
___bmul@product             cstackCOMMON 0079
___ftadd                    text18       15E3
___ftadd@exp1               cstackBANK0  0055
___ftadd@exp2               cstackBANK0  0054
___ftadd@f1                 cstackBANK0  004A
___ftadd@f2                 cstackBANK0  004D
___ftadd@sign               cstackBANK0  0053
___ftdiv                    text43       13FC
___ftdiv@cntr               cstackBANK0  0048
___ftdiv@exp                cstackBANK0  004C
___ftdiv@f1                 cstackBANK0  0042
___ftdiv@f2                 cstackBANK0  003F
___ftdiv@f3                 cstackBANK0  0049
___ftdiv@sign               cstackBANK0  004D
___ftge                     text20       1C66
___ftge@ff1                 cstackCOMMON 0072
___ftge@ff2                 cstackCOMMON 0075
___ftmul                    text42       0822
___ftmul@cntr               cstackBANK0  003D
___ftmul@exp                cstackBANK0  0039
___ftmul@f1                 cstackBANK0  0030
___ftmul@f2                 cstackBANK0  0033
___ftmul@f3_as_product      cstackBANK0  003A
___ftmul@sign               cstackBANK0  003E
___ftneg                    text19       1ABB
___ftneg@f1                 cstackCOMMON 0072
___ftpack                   text45       1188
___ftpack@arg               cstackCOMMON 0072
___ftpack@exp               cstackCOMMON 0075
___ftpack@sign              cstackCOMMON 0076
___ftsub                    text17       116B
___ftsub@f1                 cstackBANK0  0059
___ftsub@f2                 cstackBANK0  0056
___fttol                    text41       11F4
___fttol@exp1               cstackBANK0  005A
___fttol@f1                 cstackBANK0  004E
___fttol@lval               cstackBANK0  0056
___fttol@sign1              cstackBANK0  0055
___int_sp                   stack        0000
___latbits                  (abs)        0002
___lbdiv                    text10       0801
___lbdiv@counter            cstackBANK0  0021
___lbdiv@dividend           cstackBANK0  0020
___lbdiv@divisor            cstackCOMMON 0078
___lbdiv@quotient           cstackBANK0  0022
___lbmod                    text9        1BC6
___lbmod@counter            cstackCOMMON 0076
___lbmod@dividend           cstackCOMMON 0075
___lbmod@divisor            cstackCOMMON 0072
___lbmod@rem                cstackCOMMON 0077
___lldiv                    text16       1FA1
___lldiv@counter            cstackBANK0  0024
___lldiv@dividend           cstackCOMMON 0076
___lldiv@divisor            cstackCOMMON 0072
___lldiv@quotient           cstackBANK0  0020
___llmod                    text15       1E4B
___llmod@counter            cstackBANK0  0020
___llmod@dividend           cstackCOMMON 0076
___llmod@divisor            cstackCOMMON 0072
___lltoft                   text14       1C3B
___lltoft@c                 cstackBANK0  0020
___lltoft@exp               cstackCOMMON 007A
___lmul                     text30       1D35
___lmul@multiplicand        cstackCOMMON 0076
___lmul@multiplier          cstackCOMMON 0072
___lmul@product             cstackBANK0  0020
___lwtoft                   text40       1B1F
___lwtoft@c                 cstackBANK0  0020
___sp                       stack        0000
___stackhi                  (abs)        0000
___stacklo                  (abs)        0000
___wmul                     text31       1B84
___wmul@multiplicand        cstackBANK0  0034
___wmul@multiplier          cstackBANK0  0032
___wmul@product             cstackBANK0  0036
__div_to_l_                 text13       16E8
__div_to_l_@cntr            cstackBANK0  002C
__div_to_l_@exp1            cstackBANK0  002D
__div_to_l_@f1              cstackCOMMON 0072
__div_to_l_@f2              cstackCOMMON 0075
__div_to_l_@quot            cstackBANK0  0028
__end_of_Keypad_init        text51       1C10
__end_of_Lcd_Clear          text36       1ACE
__end_of_Lcd_Cmd            text49       1B63
__end_of_Lcd_Init           text48       1FA1
__end_of_Lcd_Port           text50       1B4B
__end_of_Lcd_Set_Cursor     text35       1E00
__end_of_Lcd_Write_Char     text34       1CF7
__end_of_Lcd_Write_String   text33       1D35
__end_of_NGAT               text52       1C3B
__end_of_PWM1_Set_duty      text39       153B
__end_of_PWM1_init          text38       1DB6
__end_of_PWM1_start         text37       1ABB
__end_of_PWM_Max_Duty       text46       1CC4
__end_of_Speed              text25       136F
__end_of_SwitchMode         text23       12EC
__end_of_UART_init          text22       1B1F
__end_of_UART_send_char     text32       1AA8
__end_of_UART_send_string   text24       1BC6
__end_of___aldiv            text47       13FC
__end_of___awdiv            text6        1F45
__end_of___awmod            text5        1E4B
__end_of___awtoft           text44       1B84
__end_of___bmul             text11       1B0D
__end_of___ftadd            text18       16E8
__end_of___ftdiv            text43       1494
__end_of___ftge             text20       1C93
__end_of___ftmul            text42       08D5
__end_of___ftneg            text19       1AC3
__end_of___ftpack           text45       11F4
__end_of___ftsub            text17       1188
__end_of___fttol            text41       126F
__end_of___lbdiv            text10       0822
__end_of___lbmod            text9        1BE9
__end_of___lldiv            text16       2000
__end_of___llmod            text15       1E98
__end_of___lltoft           text14       1C66
__end_of___lmul             text30       1D74
__end_of___lwtoft           text40       1B33
__end_of___wmul             text31       1BA5
__end_of__div_to_l_         text13       1800
__end_of__initialization    cinit        0022
__end_of__npowers_          stringtext   1060
__end_of__powers_           stringtext   1039
__end_of__stringtab         stringtext   1012
__end_of__tdiv_to_l_        text12       15E3
__end_of_convert            text29       1EEC
__end_of_dpowers            stringtext   1088
__end_of_fround             text8        0BA6
__end_of_inputValue         text26       0D5A
__end_of_isdigit            text7        1ADC
__end_of_keypad_scanner     text28       0A37
__end_of_main               maintext     07F8
__end_of_ngat_init          text21       1AAE
__end_of_scale              text4        1000
__end_of_sprintf            text3        06FE
__end_of_switch_press_scan  text27       1AEC
__end_of_timer0_init        text2        1AB4
__end_of_timer1             text1        1AFC
__initialization            cinit        000F
__npowers_                  stringtext   1039
__pbssBANK0                 bssBANK0     006A
__pbssBANK1                 bssBANK1     00A0
__pcstackBANK0              cstackBANK0  0020
__pcstackBANK1              cstackBANK1  00BD
__pcstackCOMMON             cstackCOMMON 0070
__pdataCOMMON               dataCOMMON   007B
__pidataCOMMON              idataCOMMON  0003
__pintentry                 intentry     0004
__pmaintext                 maintext     06FE
__powers_                   stringtext   1012
__pstringtext               stringtext   1000
__ptext1                    text1        1AEC
__ptext10                   text10       0801
__ptext11                   text11       1AFC
__ptext12                   text12       153B
__ptext13                   text13       16E8
__ptext14                   text14       1C3B
__ptext15                   text15       1E4B
__ptext16                   text16       1FA1
__ptext17                   text17       116B
__ptext18                   text18       15E3
__ptext19                   text19       1ABB
__ptext2                    text2        1AAE
__ptext20                   text20       1C66
__ptext21                   text21       1AA8
__ptext22                   text22       1B0D
__ptext23                   text23       126F
__ptext24                   text24       1BA5
__ptext25                   text25       12EC
__ptext26                   text26       0BA6
__ptext27                   text27       1ADC
__ptext28                   text28       08D5
__ptext29                   text29       1E98
__ptext3                    text3        0026
__ptext30                   text30       1D35
__ptext31                   text31       1B84
__ptext32                   text32       1AA2
__ptext33                   text33       1CF7
__ptext34                   text34       1CC4
__ptext35                   text35       1DB6
__ptext36                   text36       1AC3
__ptext37                   text37       1AB4
__ptext38                   text38       1D74
__ptext39                   text39       1494
__ptext4                    text4        0D5A
__ptext40                   text40       1B1F
__ptext41                   text41       11F4
__ptext42                   text42       0822
__ptext43                   text43       13FC
__ptext44                   text44       1B63
__ptext45                   text45       1188
__ptext46                   text46       1C93
__ptext47                   text47       136F
__ptext48                   text48       1F45
__ptext49                   text49       1B4B
__ptext5                    text5        1E00
__ptext50                   text50       1B33
__ptext51                   text51       1BE9
__ptext52                   text52       1C10
__ptext6                    text6        1EEC
__ptext7                    text7        1ACE
__ptext8                    text8        0A37
__ptext9                    text9        1BC6
__size_of_Keypad_init       (abs)        0000
__size_of_Lcd_Clear         (abs)        0000
__size_of_Lcd_Cmd           (abs)        0000
__size_of_Lcd_Init          (abs)        0000
__size_of_Lcd_Port          (abs)        0000
__size_of_Lcd_Set_Cursor    (abs)        0000
__size_of_Lcd_Write_Char    (abs)        0000
__size_of_Lcd_Write_String  (abs)        0000
__size_of_NGAT              (abs)        0000
__size_of_PWM1_Set_duty     (abs)        0000
__size_of_PWM1_init         (abs)        0000
__size_of_PWM1_start        (abs)        0000
__size_of_PWM_Max_Duty      (abs)        0000
__size_of_Speed             (abs)        0000
__size_of_SwitchMode        (abs)        0000
__size_of_UART_init         (abs)        0000
__size_of_UART_send_char    (abs)        0000
__size_of_UART_send_string  (abs)        0000
__size_of___aldiv           (abs)        0000
__size_of___awdiv           (abs)        0000
__size_of___awmod           (abs)        0000
__size_of___awtoft          (abs)        0000
__size_of___bmul            (abs)        0000
__size_of___ftadd           (abs)        0000
__size_of___ftdiv           (abs)        0000
__size_of___ftge            (abs)        0000
__size_of___ftmul           (abs)        0000
__size_of___ftneg           (abs)        0000
__size_of___ftpack          (abs)        0000
__size_of___ftsub           (abs)        0000
__size_of___fttol           (abs)        0000
__size_of___lbdiv           (abs)        0000
__size_of___lbmod           (abs)        0000
__size_of___lldiv           (abs)        0000
__size_of___llmod           (abs)        0000
__size_of___lltoft          (abs)        0000
__size_of___lmul            (abs)        0000
__size_of___lwtoft          (abs)        0000
__size_of___wmul            (abs)        0000
__size_of__div_to_l_        (abs)        0000
__size_of__tdiv_to_l_       (abs)        0000
__size_of_convert           (abs)        0000
__size_of_fround            (abs)        0000
__size_of_inputValue        (abs)        0000
__size_of_isdigit           (abs)        0000
__size_of_keypad_scanner    (abs)        0000
__size_of_main              (abs)        0000
__size_of_ngat_init         (abs)        0000
__size_of_scale             (abs)        0000
__size_of_sprintf           (abs)        0000
__size_of_switch_press_scan (abs)        0000
__size_of_timer0_init       (abs)        0000
__size_of_timer1            (abs)        0000
__stringbase                stringtext   1012
__stringtab                 stringtext   1000
__tdiv_to_l_                text12       153B
__tdiv_to_l_@cntr           cstackBANK0  0024
__tdiv_to_l_@exp1           cstackBANK0  0025
__tdiv_to_l_@f1             cstackCOMMON 0072
__tdiv_to_l_@f2             cstackCOMMON 0075
__tdiv_to_l_@quot           cstackBANK0  0020
_convert                    text29       1E98
_dpowers                    stringtext   1060
_enter                      bssBANK1     00A3
_frequency                  bssBANK1     00B9
_fround                     text8        0A37
_fround$1154                cstackBANK0  0046
_fround$1155                cstackBANK0  0043
_input                      bssBANK0     006A
_inputValue                 text26       0BA6
_isdigit                    text7        1ACE
_isdigit$895                cstackCOMMON 0072
_k                          dataCOMMON   007B
_keypad_scanner             text28       08D5
_main                       maintext     06FE
_ngat_init                  text21       1AA8
_scale                      text4        0D5A
_scale$1156                 cstackBANK0  0043
_sprintf                    text3        0026
_sprintf$1157               cstackBANK1  00BD
_str                        bssBANK1     00A5
_switch_press_scan          text27       1ADC
_timer0_init                text2        1AAE
_timer1                     text1        1AEC
_tocdo                      bssBANK1     00A0
_xungdem                    bssBANK0     006C
_xungdo                     bssBANK0     006E
btemp                       (abs)        007E
clear_ram0                  clrtext      07F8
convert@a                   cstackBANK0  002E
convert@b                   cstackBANK0  0024
convert@i                   cstackBANK0  002C
end_of_initialization       cinit        0022
fround@prec                 cstackBANK0  0049
inputValue@arr              cstackBANK0  003D
inputValue@dem              cstackBANK0  0055
inputValue@i                cstackBANK0  0053
inputValue@inputInt         cstackBANK0  0051
inputValue@k                cstackBANK0  0057
interrupt_function          intentry     0004
intlevel0                   functab      0000
intlevel1                   functab      0000
intlevel2                   functab      0000
intlevel3                   functab      0000
intlevel4                   functab      0000
intlevel5                   functab      0000
isdigit@c                   cstackCOMMON 0073
reset_vec                   reset_vec    0000
saved_w                     (abs)        007E
scale@scl                   cstackBANK0  0046
sprintf@ap                  cstackBANK1  00C0
sprintf@c                   cstackBANK1  00D5
sprintf@eexp                cstackBANK1  00C9
sprintf@f                   cstackBANK0  005C
sprintf@flag                cstackBANK1  00CB
sprintf@fval                cstackBANK1  00CF
sprintf@prec                cstackBANK1  00D2
sprintf@sp                  cstackBANK1  00D4
sprintf@tmpval              cstackBANK1  00C5
sprintf@val                 cstackBANK1  00C1
sprintf@width               cstackBANK1  00CD
start                       init         000C
start_initialization        cinit        000F
switch_press_scan@key       cstackCOMMON 0075
wtemp0                      (abs)        007E


FUNCTION INFORMATION:

 *************** function _main *****************
 Defined at:
		line 273 in file "main.c"
 Parameters:    Size  Location     Type
		None
 Auto vars:     Size  Location     Type
		None
 Return value:  Size  Location     Type
                  1    wreg      void 
 Registers used:
		wreg, fsr0l, fsr0h, status,2, status,0, btemp+1, pclath, cstack
 Tracked objects:
		On entry : 
		On exit  : 
		Unchanged: 
 Data sizes:     COMMON   BANK0   BANK1   BANK3   BANK2
      Params:         0       0       0       0       0
      Locals:         0       0       0       0       0
      Temps:          0       3       0       0       0
      Totals:         0       3       0       0       0
Total ram usage:        3 bytes
 Hardware stack levels required when called:    6
 This function calls:
		_Keypad_init
		_Lcd_Clear
		_Lcd_Init
		_Lcd_Set_Cursor
		_Lcd_Write_String
		_PWM1_Set_duty
		_PWM1_init
		_PWM1_start
		_Speed
		_SwitchMode
		_UART_init
		_UART_send_string
		___ftdiv
		___ftmul
		___lwtoft
		_ngat_init
		_sprintf
		_timer0_init
		_timer1
 This function is called by:
		Startup code after reset
 This function uses a non-reentrant model


 *************** function _timer1 *****************
 Defined at:
		line 53 in file "main.c"
 Parameters:    Size  Location     Type
		None
 Auto vars:     Size  Location     Type
		None
 Return value:  Size  Location     Type
                  1    wreg      void 
 Registers used:
		wreg
 Tracked objects:
		On entry : 
		On exit  : 
		Unchanged: 
 Data sizes:     COMMON   BANK0   BANK1   BANK3   BANK2
      Params:         0       0       0       0       0
      Locals:         0       0       0       0       0
      Temps:          0       0       0       0       0
      Totals:         0       0       0       0       0
Total ram usage:        0 bytes
 Hardware stack levels used:    1
 Hardware stack levels required when called:    1
 This function calls:
		Nothing
 This function is called by:
		_main
 This function uses a non-reentrant model


 *************** function _timer0_init *****************
 Defined at:
		line 88 in file "main.c"
 Parameters:    Size  Location     Type
		None
 Auto vars:     Size  Location     Type
		None
 Return value:  Size  Location     Type
                  1    wreg      void 
 Registers used:
		None
 Tracked objects:
		On entry : 
		On exit  : 
		Unchanged: 
 Data sizes:     COMMON   BANK0   BANK1   BANK3   BANK2
      Params:         0       0       0       0       0
      Locals:         0       0       0       0       0
      Temps:          0       0       0       0       0
      Totals:         0       0       0       0       0
Total ram usage:        0 bytes
 Hardware stack levels used:    1
 Hardware stack levels required when called:    1
 This function calls:
		Nothing
 This function is called by:
		_main
 This function uses a non-reentrant model


 *************** function _sprintf *****************
 Defined at:
		line 505 in file "D:\Program Files\Microchip\xc8\v2.20\pic\sources\c90\common\doprnt.c"
 Parameters:    Size  Location     Type
  sp              1    wreg     PTR unsigned char 
		 -> str(20), 
  f               2   60[BANK0 ] PTR const unsigned char 
		 -> STR_11(21), 
 Auto vars:     Size  Location     Type
  sp              1   23[BANK1 ] PTR unsigned char 
		 -> str(20), 
  tmpval          4    8[BANK1 ] struct .
  val             4    4[BANK1 ] unsigned long 
  fval            3   18[BANK1 ] unsigned long 
  prec            2   21[BANK1 ] int 
  width           2   16[BANK1 ] int 
  flag            2   14[BANK1 ] unsigned short 
  eexp            2   12[BANK1 ] int 
  cp              2    0        PTR const unsigned char 
  len             2    0        unsigned int 
  c               1   24[BANK1 ] unsigned char 
  ap              1    3[BANK1 ] PTR void [1]
		 -> ?_sprintf(2), 
  d               1    0        unsigned char 
 Return value:  Size  Location     Type
                  2   60[BANK0 ] int 
 Registers used:
		wreg, fsr0l, fsr0h, status,2, status,0, btemp+1, pclath, cstack
 Tracked objects:
		On entry : 
		On exit  : 
		Unchanged: 
 Data sizes:     COMMON   BANK0   BANK1   BANK3   BANK2
      Params:         0       5       0       0       0
      Locals:         0       0      25       0       0
      Temps:          0       6       0       0       0
      Totals:         0      11      25       0       0
Total ram usage:       36 bytes
 Hardware stack levels used:    1
 Hardware stack levels required when called:    4
 This function calls:
		___awdiv
		___ftadd
		___ftge
		___ftmul
		___ftneg
		___ftsub
		___fttol
		___lldiv
		___llmod
		___lltoft
		___wmul
		__div_to_l_
		__tdiv_to_l_
		_fround
		_isdigit
		_scale
 This function is called by:
		_main
 This function uses a non-reentrant model


 *************** function _scale *****************
 Defined at:
		line 433 in file "D:\Program Files\Microchip\xc8\v2.20\pic\sources\c90\common\doprnt.c"
 Parameters:    Size  Location     Type
  scl             1    wreg     char 
 Auto vars:     Size  Location     Type
  scl             1   38[BANK0 ] char 
 Return value:  Size  Location     Type
                  3   31[BANK0 ] char 
 Registers used:
		wreg, fsr0l, fsr0h, status,2, status,0, btemp+1, pclath, cstack
 Tracked objects:
		On entry : 
		On exit  : 
		Unchanged: 
 Data sizes:     COMMON   BANK0   BANK1   BANK3   BANK2
      Params:         0       4       0       0       0
      Locals:         0       4       0       0       0
      Temps:          0       0       0       0       0
      Totals:         0       8       0       0       0
Total ram usage:        8 bytes
 Hardware stack levels used:    1
 Hardware stack levels required when called:    3
 This function calls:
		___awdiv
		___awmod
		___bmul
		___ftmul
 This function is called by:
		_sprintf
 This function uses a non-reentrant model


 *************** function ___awmod *****************
 Defined at:
		line 5 in file "D:\Program Files\Microchip\xc8\v2.20\pic\sources\c90\common\awmod.c"
 Parameters:    Size  Location     Type
  divisor         2    2[COMMON] int 
  dividend        2    4[COMMON] int 
 Auto vars:     Size  Location     Type
  sign            1    7[COMMON] unsigned char 
  counter         1    6[COMMON] unsigned char 
 Return value:  Size  Location     Type
                  2    2[COMMON] int 
 Registers used:
		wreg, status,2, status,0, btemp+1
 Tracked objects:
		On entry : 
		On exit  : 
		Unchanged: 
 Data sizes:     COMMON   BANK0   BANK1   BANK3   BANK2
      Params:         4       0       0       0       0
      Locals:         2       0       0       0       0
      Temps:          0       0       0       0       0
      Totals:         6       0       0       0       0
Total ram usage:        6 bytes
 Hardware stack levels used:    1
 Hardware stack levels required when called:    1
 This function calls:
		Nothing
 This function is called by:
		_scale
 This function uses a non-reentrant model


 *************** function ___awdiv *****************
 Defined at:
		line 5 in file "D:\Program Files\Microchip\xc8\v2.20\pic\sources\c90\common\awdiv.c"
 Parameters:    Size  Location     Type
  divisor         2    0[BANK0 ] int 
  dividend        2    2[BANK0 ] int 
 Auto vars:     Size  Location     Type
  quotient        2    6[BANK0 ] int 
  sign            1    5[BANK0 ] unsigned char 
  counter         1    4[BANK0 ] unsigned char 
 Return value:  Size  Location     Type
                  2    0[BANK0 ] int 
 Registers used:
		wreg, status,2, status,0, btemp+1
 Tracked objects:
		On entry : 
		On exit  : 
		Unchanged: 
 Data sizes:     COMMON   BANK0   BANK1   BANK3   BANK2
      Params:         0       4       0       0       0
      Locals:         0       4       0       0       0
      Temps:          0       0       0       0       0
      Totals:         0       8       0       0       0
Total ram usage:        8 bytes
 Hardware stack levels used:    1
 Hardware stack levels required when called:    1
 This function calls:
		Nothing
 This function is called by:
		_scale
		_sprintf
 This function uses a non-reentrant model


 *************** function _isdigit *****************
 Defined at:
		line 8 in file "D:\Program Files\Microchip\xc8\v2.20\pic\sources\c90\common\isdigit.c"
 Parameters:    Size  Location     Type
  c               1    wreg     unsigned char 
 Auto vars:     Size  Location     Type
  c               1    3[COMMON] unsigned char 
 Return value:  Size  Location     Type
		None               void
 Registers used:
		wreg, status,2, status,0
 Tracked objects:
		On entry : 
		On exit  : 
		Unchanged: 
 Data sizes:     COMMON   BANK0   BANK1   BANK3   BANK2
      Params:         0       0       0       0       0
      Locals:         2       0       0       0       0
      Temps:          0       0       0       0       0
      Totals:         2       0       0       0       0
Total ram usage:        2 bytes
 Hardware stack levels used:    1
 Hardware stack levels required when called:    1
 This function calls:
		Nothing
 This function is called by:
		_sprintf
 This function uses a non-reentrant model


 *************** function _fround *****************
 Defined at:
		line 417 in file "D:\Program Files\Microchip\xc8\v2.20\pic\sources\c90\common\doprnt.c"
 Parameters:    Size  Location     Type
  prec            1    wreg     unsigned char 
 Auto vars:     Size  Location     Type
  prec            1   41[BANK0 ] unsigned char 
 Return value:  Size  Location     Type
                  3   31[BANK0 ] unsigned char 
 Registers used:
		wreg, fsr0l, fsr0h, status,2, status,0, btemp+1, pclath, cstack
 Tracked objects:
		On entry : 
		On exit  : 
		Unchanged: 
 Data sizes:     COMMON   BANK0   BANK1   BANK3   BANK2
      Params:         0       4       0       0       0
      Locals:         0       7       0       0       0
      Temps:          0       0       0       0       0
      Totals:         0      11       0       0       0
Total ram usage:       11 bytes
 Hardware stack levels used:    1
 Hardware stack levels required when called:    3
 This function calls:
		___bmul
		___ftmul
		___lbdiv
		___lbmod
 This function is called by:
		_sprintf
 This function uses a non-reentrant model


 *************** function ___lbmod *****************
 Defined at:
		line 4 in file "D:\Program Files\Microchip\xc8\v2.20\pic\sources\c90\common\lbmod.c"
 Parameters:    Size  Location     Type
  dividend        1    wreg     unsigned char 
  divisor         1    2[COMMON] unsigned char 
 Auto vars:     Size  Location     Type
  dividend        1    5[COMMON] unsigned char 
  rem             1    7[COMMON] unsigned char 
  counter         1    6[COMMON] unsigned char 
 Return value:  Size  Location     Type
                  1    wreg      unsigned char 
 Registers used:
		wreg, status,2, status,0, btemp+1
 Tracked objects:
		On entry : 
		On exit  : 
		Unchanged: 
 Data sizes:     COMMON   BANK0   BANK1   BANK3   BANK2
      Params:         1       0       0       0       0
      Locals:         3       0       0       0       0
      Temps:          2       0       0       0       0
      Totals:         6       0       0       0       0
Total ram usage:        6 bytes
 Hardware stack levels used:    1
 Hardware stack levels required when called:    1
 This function calls:
		Nothing
 This function is called by:
		_fround
 This function uses a non-reentrant model


 *************** function ___lbdiv *****************
 Defined at:
		line 4 in file "D:\Program Files\Microchip\xc8\v2.20\pic\sources\c90\common\lbdiv.c"
 Parameters:    Size  Location     Type
  dividend        1    wreg     unsigned char 
  divisor         1    8[COMMON] unsigned char 
 Auto vars:     Size  Location     Type
  dividend        1    0[BANK0 ] unsigned char 
  quotient        1    2[BANK0 ] unsigned char 
  counter         1    1[BANK0 ] unsigned char 
 Return value:  Size  Location     Type
                  1    wreg      unsigned char 
 Registers used:
		wreg, status,2, status,0, btemp+1
 Tracked objects:
		On entry : 
		On exit  : 
		Unchanged: 
 Data sizes:     COMMON   BANK0   BANK1   BANK3   BANK2
      Params:         1       0       0       0       0
      Locals:         0       3       0       0       0
      Temps:          0       0       0       0       0
      Totals:         1       3       0       0       0
Total ram usage:        4 bytes
 Hardware stack levels used:    1
 Hardware stack levels required when called:    1
 This function calls:
		Nothing
 This function is called by:
		_fround
 This function uses a non-reentrant model


 *************** function ___bmul *****************
 Defined at:
		line 4 in file "D:\Program Files\Microchip\xc8\v2.20\pic\sources\c90\common\Umul8.c"
 Parameters:    Size  Location     Type
  multiplier      1    wreg     unsigned char 
  multiplicand    1    8[BANK0 ] unsigned char 
 Auto vars:     Size  Location     Type
  multiplier      1   10[COMMON] unsigned char 
  product         1    9[COMMON] unsigned char 
 Return value:  Size  Location     Type
                  1    wreg      unsigned char 
 Registers used:
		wreg, status,2, status,0, btemp+1
 Tracked objects:
		On entry : 
		On exit  : 
		Unchanged: 
 Data sizes:     COMMON   BANK0   BANK1   BANK3   BANK2
      Params:         0       1       0       0       0
      Locals:         2       0       0       0       0
      Temps:          0       0       0       0       0
      Totals:         2       1       0       0       0
Total ram usage:        3 bytes
 Hardware stack levels used:    1
 Hardware stack levels required when called:    1
 This function calls:
		Nothing
 This function is called by:
		_fround
		_scale
 This function uses a non-reentrant model


 *************** function __tdiv_to_l_ *****************
 Defined at:
		line 60 in file "D:\Program Files\Microchip\xc8\v2.20\pic\sources\c90\common\ftdivl.c"
 Parameters:    Size  Location     Type
  f1              3    2[COMMON] float 
  f2              3    5[COMMON] float 
 Auto vars:     Size  Location     Type
  quot            4    0[BANK0 ] unsigned long 
  exp1            1    5[BANK0 ] unsigned char 
  cntr            1    4[BANK0 ] unsigned char 
 Return value:  Size  Location     Type
                  4    2[COMMON] unsigned long 
 Registers used:
		wreg, status,2, status,0, btemp+1
 Tracked objects:
		On entry : 
		On exit  : 
		Unchanged: 
 Data sizes:     COMMON   BANK0   BANK1   BANK3   BANK2
      Params:         6       0       0       0       0
      Locals:         0       6       0       0       0
      Temps:          3       0       0       0       0
      Totals:         9       6       0       0       0
Total ram usage:       15 bytes
 Hardware stack levels used:    1
 Hardware stack levels required when called:    1
 This function calls:
		Nothing
 This function is called by:
		_sprintf
 This function uses a non-reentrant model


 *************** function __div_to_l_ *****************
 Defined at:
		line 60 in file "D:\Program Files\Microchip\xc8\v2.20\pic\sources\c90\common\fldivl.c"
 Parameters:    Size  Location     Type
  f1              3    2[COMMON] unsigned long 
  f2              3    5[COMMON] unsigned long 
 Auto vars:     Size  Location     Type
  quot            4    8[BANK0 ] unsigned long 
  exp1            1   13[BANK0 ] unsigned char 
  cntr            1   12[BANK0 ] unsigned char 
 Return value:  Size  Location     Type
                  4    2[COMMON] unsigned long 
 Registers used:
		wreg, fsr0l, fsr0h, status,2, status,0, btemp+1
 Tracked objects:
		On entry : 
		On exit  : 
		Unchanged: 
 Data sizes:     COMMON   BANK0   BANK1   BANK3   BANK2
      Params:         6       0       0       0       0
      Locals:         0       6       0       0       0
      Temps:          0       8       0       0       0
      Totals:         6      14       0       0       0
Total ram usage:       20 bytes
 Hardware stack levels used:    1
 Hardware stack levels required when called:    1
 This function calls:
		Nothing
 This function is called by:
		_sprintf
 This function uses a non-reentrant model


 *************** function ___lltoft *****************
 Defined at:
		line 35 in file "D:\Program Files\Microchip\xc8\v2.20\pic\sources\c90\common\lltoft.c"
 Parameters:    Size  Location     Type
  c               4    0[BANK0 ] unsigned long 
 Auto vars:     Size  Location     Type
  exp             1   10[COMMON] unsigned char 
 Return value:  Size  Location     Type
                  3    0[BANK0 ] float 
 Registers used:
		wreg, status,2, status,0, btemp+1, pclath, cstack
 Tracked objects:
		On entry : 
		On exit  : 
		Unchanged: 
 Data sizes:     COMMON   BANK0   BANK1   BANK3   BANK2
      Params:         0       4       0       0       0
      Locals:         1       0       0       0       0
      Temps:          0       0       0       0       0
      Totals:         1       4       0       0       0
Total ram usage:        5 bytes
 Hardware stack levels used:    1
 Hardware stack levels required when called:    2
 This function calls:
		___ftpack
 This function is called by:
		_sprintf
 This function uses a non-reentrant model


 *************** function ___llmod *****************
 Defined at:
		line 5 in file "D:\Program Files\Microchip\xc8\v2.20\pic\sources\c90\common\llmod.c"
 Parameters:    Size  Location     Type
  divisor         4    2[COMMON] unsigned long 
  dividend        4    6[COMMON] unsigned long 
 Auto vars:     Size  Location     Type
  counter         1    0[BANK0 ] unsigned char 
 Return value:  Size  Location     Type
                  4    2[COMMON] unsigned long 
 Registers used:
		wreg, status,2, status,0, btemp+1
 Tracked objects:
		On entry : 
		On exit  : 
		Unchanged: 
 Data sizes:     COMMON   BANK0   BANK1   BANK3   BANK2
      Params:         8       0       0       0       0
      Locals:         0       1       0       0       0
      Temps:          1       0       0       0       0
      Totals:         9       1       0       0       0
Total ram usage:       10 bytes
 Hardware stack levels used:    1
 Hardware stack levels required when called:    1
 This function calls:
		Nothing
 This function is called by:
		_sprintf
 This function uses a non-reentrant model


 *************** function ___lldiv *****************
 Defined at:
		line 5 in file "D:\Program Files\Microchip\xc8\v2.20\pic\sources\c90\common\__lldiv.c"
 Parameters:    Size  Location     Type
  divisor         4    2[COMMON] unsigned long 
  dividend        4    6[COMMON] unsigned long 
 Auto vars:     Size  Location     Type
  quotient        4    0[BANK0 ] unsigned long 
  counter         1    4[BANK0 ] unsigned char 
 Return value:  Size  Location     Type
                  4    2[COMMON] unsigned long 
 Registers used:
		wreg, status,2, status,0, btemp+1
 Tracked objects:
		On entry : 
		On exit  : 
		Unchanged: 
 Data sizes:     COMMON   BANK0   BANK1   BANK3   BANK2
      Params:         8       0       0       0       0
      Locals:         0       5       0       0       0
      Temps:          1       0       0       0       0
      Totals:         9       5       0       0       0
Total ram usage:       14 bytes
 Hardware stack levels used:    1
 Hardware stack levels required when called:    1
 This function calls:
		Nothing
 This function is called by:
		_sprintf
 This function uses a non-reentrant model


 *************** function ___ftsub *****************
 Defined at:
		line 17 in file "D:\Program Files\Microchip\xc8\v2.20\pic\sources\c90\common\ftsub.c"
 Parameters:    Size  Location     Type
  f2              3   54[BANK0 ] float 
  f1              3   57[BANK0 ] float 
 Auto vars:     Size  Location     Type
		None
 Return value:  Size  Location     Type
                  3   54[BANK0 ] float 
 Registers used:
		wreg, status,2, status,0, btemp+1, pclath, cstack
 Tracked objects:
		On entry : 
		On exit  : 
		Unchanged: 
 Data sizes:     COMMON   BANK0   BANK1   BANK3   BANK2
      Params:         0       6       0       0       0
      Locals:         0       0       0       0       0
      Temps:          0       0       0       0       0
      Totals:         0       6       0       0       0
Total ram usage:        6 bytes
 Hardware stack levels used:    1
 Hardware stack levels required when called:    3
 This function calls:
		___ftadd
 This function is called by:
		_sprintf
 This function uses a non-reentrant model


 *************** function ___ftadd *****************
 Defined at:
		line 86 in file "D:\Program Files\Microchip\xc8\v2.20\pic\sources\c90\common\ftadd.c"
 Parameters:    Size  Location     Type
  f1              3   42[BANK0 ] float 
  f2              3   45[BANK0 ] float 
 Auto vars:     Size  Location     Type
  exp1            1   53[BANK0 ] unsigned char 
  exp2            1   52[BANK0 ] unsigned char 
  sign            1   51[BANK0 ] unsigned char 
 Return value:  Size  Location     Type
                  3   42[BANK0 ] float 
 Registers used:
		wreg, status,2, status,0, btemp+1, pclath, cstack
 Tracked objects:
		On entry : 
		On exit  : 
		Unchanged: 
 Data sizes:     COMMON   BANK0   BANK1   BANK3   BANK2
      Params:         0       6       0       0       0
      Locals:         0       3       0       0       0
      Temps:          0       3       0       0       0
      Totals:         0      12       0       0       0
Total ram usage:       12 bytes
 Hardware stack levels used:    1
 Hardware stack levels required when called:    2
 This function calls:
		___ftpack
 This function is called by:
		_sprintf
		___ftsub
 This function uses a non-reentrant model


 *************** function ___ftneg *****************
 Defined at:
		line 15 in file "D:\Program Files\Microchip\xc8\v2.20\pic\sources\c90\common\ftneg.c"
 Parameters:    Size  Location     Type
  f1              3    2[COMMON] float 
 Auto vars:     Size  Location     Type
		None
 Return value:  Size  Location     Type
                  3    2[COMMON] float 
 Registers used:
		wreg
 Tracked objects:
		On entry : 
		On exit  : 
		Unchanged: 
 Data sizes:     COMMON   BANK0   BANK1   BANK3   BANK2
      Params:         3       0       0       0       0
      Locals:         0       0       0       0       0
      Temps:          0       0       0       0       0
      Totals:         3       0       0       0       0
Total ram usage:        3 bytes
 Hardware stack levels used:    1
 Hardware stack levels required when called:    1
 This function calls:
		Nothing
 This function is called by:
		_sprintf
 This function uses a non-reentrant model


 *************** function ___ftge *****************
 Defined at:
		line 4 in file "D:\Program Files\Microchip\xc8\v2.20\pic\sources\c90\common\ftge.c"
 Parameters:    Size  Location     Type
  ff1             3    2[COMMON] float 
  ff2             3    5[COMMON] float 
 Auto vars:     Size  Location     Type
		None
 Return value:  Size  Location     Type
		None               void
 Registers used:
		wreg, status,2, status,0
 Tracked objects:
		On entry : 
		On exit  : 
		Unchanged: 
 Data sizes:     COMMON   BANK0   BANK1   BANK3   BANK2
      Params:         6       0       0       0       0
      Locals:         0       0       0       0       0
      Temps:          0       0       0       0       0
      Totals:         6       0       0       0       0
Total ram usage:        6 bytes
 Hardware stack levels used:    1
 Hardware stack levels required when called:    1
 This function calls:
		Nothing
 This function is called by:
		_sprintf
 This function uses a non-reentrant model


 *************** function _ngat_init *****************
 Defined at:
		line 68 in file "main.c"
 Parameters:    Size  Location     Type
		None
 Auto vars:     Size  Location     Type
		None
 Return value:  Size  Location     Type
                  1    wreg      void 
 Registers used:
		status,2
 Tracked objects:
		On entry : 
		On exit  : 
		Unchanged: 
 Data sizes:     COMMON   BANK0   BANK1   BANK3   BANK2
      Params:         0       0       0       0       0
      Locals:         0       0       0       0       0
      Temps:          0       0       0       0       0
      Totals:         0       0       0       0       0
Total ram usage:        0 bytes
 Hardware stack levels used:    1
 Hardware stack levels required when called:    1
 This function calls:
		Nothing
 This function is called by:
		_main
 This function uses a non-reentrant model


 *************** function _UART_init *****************
 Defined at:
		line 2 in file "uart.h"
 Parameters:    Size  Location     Type
		None
 Auto vars:     Size  Location     Type
		None
 Return value:  Size  Location     Type
                  1    wreg      void 
 Registers used:
		wreg
 Tracked objects:
		On entry : 
		On exit  : 
		Unchanged: 
 Data sizes:     COMMON   BANK0   BANK1   BANK3   BANK2
      Params:         0       0       0       0       0
      Locals:         0       0       0       0       0
      Temps:          0       0       0       0       0
      Totals:         0       0       0       0       0
Total ram usage:        0 bytes
 Hardware stack levels used:    1
 Hardware stack levels required when called:    1
 This function calls:
		Nothing
 This function is called by:
		_main
 This function uses a non-reentrant model


 *************** function _SwitchMode *****************
 Defined at:
		line 239 in file "main.c"
 Parameters:    Size  Location     Type
		None
 Auto vars:     Size  Location     Type
		None
 Return value:  Size  Location     Type
                  1    wreg      void 
 Registers used:
		wreg, fsr0l, fsr0h, status,2, status,0, btemp+1, pclath, cstack
 Tracked objects:
		On entry : 
		On exit  : 
		Unchanged: 
 Data sizes:     COMMON   BANK0   BANK1   BANK3   BANK2
      Params:         0       0       0       0       0
      Locals:         0       0       0       0       0
      Temps:          0       0       0       0       0
      Totals:         0       0       0       0       0
Total ram usage:        0 bytes
 Hardware stack levels used:    1
 Hardware stack levels required when called:    5
 This function calls:
		_Lcd_Clear
		_Lcd_Set_Cursor
		_Lcd_Write_String
		_Speed
		_UART_send_string
		_switch_press_scan
 This function is called by:
		_main
 This function uses a non-reentrant model


 *************** function _UART_send_string *****************
 Defined at:
		line 34 in file "uart.h"
 Parameters:    Size  Location     Type
  st_pt           2    3[COMMON] PTR unsigned char 
		 -> STR_12(68), STR_10(68), STR_7(18), str(20), 
		 -> STR_5(13), 
 Auto vars:     Size  Location     Type
		None
 Return value:  Size  Location     Type
                  1    wreg      void 
 Registers used:
		wreg, fsr0l, fsr0h, status,2, status,0, btemp+1, pclath, cstack
 Tracked objects:
		On entry : 
		On exit  : 
		Unchanged: 
 Data sizes:     COMMON   BANK0   BANK1   BANK3   BANK2
      Params:         2       0       0       0       0
      Locals:         0       0       0       0       0
      Temps:          0       0       0       0       0
      Totals:         2       0       0       0       0
Total ram usage:        2 bytes
 Hardware stack levels used:    1
 Hardware stack levels required when called:    2
 This function calls:
		_UART_send_char
 This function is called by:
		_SwitchMode
		_main
 This function uses a non-reentrant model


 *************** function _Speed *****************
 Defined at:
		line 215 in file "main.c"
 Parameters:    Size  Location     Type
		None
 Auto vars:     Size  Location     Type
		None
 Return value:  Size  Location     Type
                  1    wreg      void 
 Registers used:
		wreg, fsr0l, fsr0h, status,2, status,0, btemp+1, pclath, cstack
 Tracked objects:
		On entry : 
		On exit  : 
		Unchanged: 
 Data sizes:     COMMON   BANK0   BANK1   BANK3   BANK2
      Params:         0       0       0       0       0
      Locals:         0       0       0       0       0
      Temps:          0       3       0       0       0
      Totals:         0       3       0       0       0
Total ram usage:        3 bytes
 Hardware stack levels used:    1
 Hardware stack levels required when called:    4
 This function calls:
		_Lcd_Clear
		_Lcd_Set_Cursor
		_Lcd_Write_String
		_inputValue
 This function is called by:
		_SwitchMode
		_main
 This function uses a non-reentrant model


 *************** function _inputValue *****************
 Defined at:
		line 131 in file "main.c"
 Parameters:    Size  Location     Type
		None
 Auto vars:     Size  Location     Type
  i               2   51[BANK0 ] int 
  arr            20   29[BANK0 ] int [10]
  dem             2   53[BANK0 ] int 
  inputInt        2   49[BANK0 ] int 
  k               1   55[BANK0 ] unsigned char 
 Return value:  Size  Location     Type
                  2   24[BANK0 ] int 
 Registers used:
		wreg, fsr0l, fsr0h, status,2, status,0, btemp+1, pclath, cstack
 Tracked objects:
		On entry : 
		On exit  : 
		Unchanged: 
 Data sizes:     COMMON   BANK0   BANK1   BANK3   BANK2
      Params:         0       2       0       0       0
      Locals:         0      27       0       0       0
      Temps:          0       3       0       0       0
      Totals:         0      32       0       0       0
Total ram usage:       32 bytes
 Hardware stack levels used:    1
 Hardware stack levels required when called:    3
 This function calls:
		_Lcd_Write_Char
		_UART_send_char
		___wmul
		_convert
		_switch_press_scan
 This function is called by:
		_Speed
 This function uses a non-reentrant model


 *************** function _switch_press_scan *****************
 Defined at:
		line 38 in file "keypad.h"
 Parameters:    Size  Location     Type
		None
 Auto vars:     Size  Location     Type
  key             1    5[COMMON] unsigned char 
 Return value:  Size  Location     Type
                  1    wreg      unsigned char 
 Registers used:
		wreg, status,2, status,0, btemp+1, pclath, cstack
 Tracked objects:
		On entry : 
		On exit  : 
		Unchanged: 
 Data sizes:     COMMON   BANK0   BANK1   BANK3   BANK2
      Params:         0       0       0       0       0
      Locals:         1       0       0       0       0
      Temps:          0       0       0       0       0
      Totals:         1       0       0       0       0
Total ram usage:        1 bytes
 Hardware stack levels used:    1
 Hardware stack levels required when called:    2
 This function calls:
		_keypad_scanner
 This function is called by:
		_inputValue
		_SwitchMode
 This function uses a non-reentrant model


 *************** function _keypad_scanner *****************
 Defined at:
		line 9 in file "keypad.h"
 Parameters:    Size  Location     Type
		None
 Auto vars:     Size  Location     Type
		None
 Return value:  Size  Location     Type
                  1    wreg      unsigned char 
 Registers used:
		wreg
 Tracked objects:
		On entry : 
		On exit  : 
		Unchanged: 
 Data sizes:     COMMON   BANK0   BANK1   BANK3   BANK2
      Params:         0       0       0       0       0
      Locals:         0       0       0       0       0
      Temps:          3       0       0       0       0
      Totals:         3       0       0       0       0
Total ram usage:        3 bytes
 Hardware stack levels used:    1
 Hardware stack levels required when called:    1
 This function calls:
		Nothing
 This function is called by:
		_switch_press_scan
 This function uses a non-reentrant model


 *************** function _convert *****************
 Defined at:
		line 122 in file "main.c"
 Parameters:    Size  Location     Type
  b               4    4[BANK0 ] long 
 Auto vars:     Size  Location     Type
  i               2   12[BANK0 ] int 
  a               4   14[BANK0 ] long 
 Return value:  Size  Location     Type
                  4    4[BANK0 ] long 
 Registers used:
		wreg, status,2, status,0, btemp+1, pclath, cstack
 Tracked objects:
		On entry : 
		On exit  : 
		Unchanged: 
 Data sizes:     COMMON   BANK0   BANK1   BANK3   BANK2
      Params:         0       4       0       0       0
      Locals:         0       6       0       0       0
      Temps:          0       4       0       0       0
      Totals:         0      14       0       0       0
Total ram usage:       14 bytes
 Hardware stack levels used:    1
 Hardware stack levels required when called:    2
 This function calls:
		___lmul
 This function is called by:
		_inputValue
 This function uses a non-reentrant model


 *************** function ___lmul *****************
 Defined at:
[...]
      Temps:          0       0       0       0       0
      Totals:         0       3       0       0       0
Total ram usage:        3 bytes
 Hardware stack levels used:    1
 Hardware stack levels required when called:    2
 This function calls:
		___ftpack
 This function is called by:
		_PWM1_Set_duty
		_main
 This function uses a non-reentrant model


 *************** function ___fttol *****************
 Defined at:
		line 44 in file "D:\Program Files\Microchip\xc8\v2.20\pic\sources\c90\common\fttol.c"
 Parameters:    Size  Location     Type
  f1              3   46[BANK0 ] float 
 Auto vars:     Size  Location     Type
  lval            4   54[BANK0 ] unsigned long 
  exp1            1   58[BANK0 ] unsigned char 
  sign1           1   53[BANK0 ] unsigned char 
 Return value:  Size  Location     Type
                  4   46[BANK0 ] long 
 Registers used:
		wreg, status,2, status,0, btemp+1
 Tracked objects:
		On entry : 
		On exit  : 
		Unchanged: 
 Data sizes:     COMMON   BANK0   BANK1   BANK3   BANK2
      Params:         0       4       0       0       0
      Locals:         0       6       0       0       0
      Temps:          0       3       0       0       0
      Totals:         0      13       0       0       0
Total ram usage:       13 bytes
 Hardware stack levels used:    1
 Hardware stack levels required when called:    1
 This function calls:
		Nothing
 This function is called by:
		_PWM1_Set_duty
		_sprintf
 This function uses a non-reentrant model


 *************** function ___ftmul *****************
 Defined at:
		line 62 in file "D:\Program Files\Microchip\xc8\v2.20\pic\sources\c90\common\ftmul.c"
 Parameters:    Size  Location     Type
  f1              3   16[BANK0 ] float 
  f2              3   19[BANK0 ] float 
 Auto vars:     Size  Location     Type
  f3_as_produc    3   26[BANK0 ] unsigned um
  sign            1   30[BANK0 ] unsigned char 
  cntr            1   29[BANK0 ] unsigned char 
  exp             1   25[BANK0 ] unsigned char 
 Return value:  Size  Location     Type
                  3   16[BANK0 ] float 
 Registers used:
		wreg, status,2, status,0, btemp+1, pclath, cstack
 Tracked objects:
		On entry : 
		On exit  : 
		Unchanged: 
 Data sizes:     COMMON   BANK0   BANK1   BANK3   BANK2
      Params:         0       6       0       0       0
      Locals:         0       6       0       0       0
      Temps:          0       3       0       0       0
      Totals:         0      15       0       0       0
Total ram usage:       15 bytes
 Hardware stack levels used:    1
 Hardware stack levels required when called:    2
 This function calls:
		___ftpack
 This function is called by:
		_PWM1_Set_duty
		_main
		_fround
		_scale
		_sprintf
 This function uses a non-reentrant model


 *************** function ___ftdiv *****************
 Defined at:
		line 56 in file "D:\Program Files\Microchip\xc8\v2.20\pic\sources\c90\common\ftdiv.c"
 Parameters:    Size  Location     Type
  f2              3   31[BANK0 ] float 
  f1              3   34[BANK0 ] float 
 Auto vars:     Size  Location     Type
  f3              3   41[BANK0 ] float 
  sign            1   45[BANK0 ] unsigned char 
  exp             1   44[BANK0 ] unsigned char 
  cntr            1   40[BANK0 ] unsigned char 
 Return value:  Size  Location     Type
                  3   31[BANK0 ] float 
 Registers used:
		wreg, status,2, status,0, btemp+1, pclath, cstack
 Tracked objects:
		On entry : 
		On exit  : 
		Unchanged: 
 Data sizes:     COMMON   BANK0   BANK1   BANK3   BANK2
      Params:         0       6       0       0       0
      Locals:         0       6       0       0       0
      Temps:          0       3       0       0       0
      Totals:         0      15       0       0       0
Total ram usage:       15 bytes
 Hardware stack levels used:    1
 Hardware stack levels required when called:    2
 This function calls:
		___ftpack
 This function is called by:
		_PWM1_Set_duty
		_main
 This function uses a non-reentrant model


 *************** function ___awtoft *****************
 Defined at:
		line 32 in file "D:\Program Files\Microchip\xc8\v2.20\pic\sources\c90\common\awtoft.c"
 Parameters:    Size  Location     Type
  c               2   12[BANK0 ] int 
 Auto vars:     Size  Location     Type
  sign            1   15[BANK0 ] unsigned char 
 Return value:  Size  Location     Type
                  3   12[BANK0 ] float 
 Registers used:
		wreg, status,2, status,0, btemp+1, pclath, cstack
 Tracked objects:
		On entry : 
		On exit  : 
		Unchanged: 
 Data sizes:     COMMON   BANK0   BANK1   BANK3   BANK2
      Params:         0       3       0       0       0
      Locals:         0       1       0       0       0
      Temps:          0       0       0       0       0
      Totals:         0       4       0       0       0
Total ram usage:        4 bytes
 Hardware stack levels used:    1
 Hardware stack levels required when called:    2
 This function calls:
		___ftpack
 This function is called by:
		_PWM1_Set_duty
 This function uses a non-reentrant model


 *************** function ___ftpack *****************
 Defined at:
		line 62 in file "D:\Program Files\Microchip\xc8\v2.20\pic\sources\c90\common\float.c"
 Parameters:    Size  Location     Type
  arg             3    2[COMMON] unsigned um
  exp             1    5[COMMON] unsigned char 
  sign            1    6[COMMON] unsigned char 
 Auto vars:     Size  Location     Type
		None
 Return value:  Size  Location     Type
                  3    2[COMMON] float 
 Registers used:
		wreg, status,2, status,0, btemp+1
 Tracked objects:
		On entry : 
		On exit  : 
		Unchanged: 
 Data sizes:     COMMON   BANK0   BANK1   BANK3   BANK2
      Params:         5       0       0       0       0
      Locals:         0       0       0       0       0
      Temps:          3       0       0       0       0
      Totals:         8       0       0       0       0
Total ram usage:        8 bytes
 Hardware stack levels used:    1
 Hardware stack levels required when called:    1
 This function calls:
		Nothing
 This function is called by:
		___awtoft
		___ftadd
		___ftdiv
		___ftmul
		___lltoft
		___lwtoft
 This function uses a non-reentrant model


 *************** function _PWM_Max_Duty *****************
 Defined at:
		line 4 in file "pwm.h"
 Parameters:    Size  Location     Type
		None
 Auto vars:     Size  Location     Type
		None
 Return value:  Size  Location     Type
                  2    6[BANK0 ] int 
 Registers used:
		wreg, status,2, status,0, btemp+1, pclath, cstack
 Tracked objects:
		On entry : 
		On exit  : 
		Unchanged: 
 Data sizes:     COMMON   BANK0   BANK1   BANK3   BANK2
      Params:         0       2       0       0       0
      Locals:         0       0       0       0       0
      Temps:          0       4       0       0       0
      Totals:         0       6       0       0       0
Total ram usage:        6 bytes
 Hardware stack levels used:    1
 Hardware stack levels required when called:    2
 This function calls:
		___aldiv
 This function is called by:
		_PWM1_Set_duty
 This function uses a non-reentrant model


 *************** function ___aldiv *****************
 Defined at:
		line 5 in file "D:\Program Files\Microchip\xc8\v2.20\pic\sources\c90\common\aldiv.c"
 Parameters:    Size  Location     Type
  divisor         4    2[COMMON] long 
  dividend        4    6[COMMON] long 
 Auto vars:     Size  Location     Type
  quotient        4    2[BANK0 ] long 
  sign            1    1[BANK0 ] unsigned char 
  counter         1    0[BANK0 ] unsigned char 
 Return value:  Size  Location     Type
                  4    2[COMMON] long 
 Registers used:
		wreg, status,2, status,0, btemp+1
 Tracked objects:
		On entry : 
		On exit  : 
		Unchanged: 
 Data sizes:     COMMON   BANK0   BANK1   BANK3   BANK2
      Params:         8       0       0       0       0
      Locals:         0       6       0       0       0
      Temps:          1       0       0       0       0
      Totals:         9       6       0       0       0
Total ram usage:       15 bytes
 Hardware stack levels used:    1
 Hardware stack levels required when called:    1
 This function calls:
		Nothing
 This function is called by:
		_PWM_Max_Duty
		_PWM1_init
 This function uses a non-reentrant model


 *************** function _Lcd_Init *****************
 Defined at:
		line 60 in file "lcd.h"
 Parameters:    Size  Location     Type
		None
 Auto vars:     Size  Location     Type
		None
 Return value:  Size  Location     Type
                  1    wreg      void 
 Registers used:
		wreg, status,2, status,0, pclath, cstack
 Tracked objects:
		On entry : 
		On exit  : 
		Unchanged: 
 Data sizes:     COMMON   BANK0   BANK1   BANK3   BANK2
      Params:         0       0       0       0       0
      Locals:         0       0       0       0       0
      Temps:          2       0       0       0       0
      Totals:         2       0       0       0       0
Total ram usage:        2 bytes
 Hardware stack levels used:    1
 Hardware stack levels required when called:    3
 This function calls:
		_Lcd_Cmd
		_Lcd_Port
 This function is called by:
		_main
 This function uses a non-reentrant model


 *************** function _Lcd_Cmd *****************
 Defined at:
		line 23 in file "lcd.h"
 Parameters:    Size  Location     Type
  a               1    wreg     unsigned char 
 Auto vars:     Size  Location     Type
  a               1    5[COMMON] unsigned char 
 Return value:  Size  Location     Type
                  1    wreg      void 
 Registers used:
		wreg, status,2, status,0, pclath, cstack
 Tracked objects:
		On entry : 
		On exit  : 
		Unchanged: 
 Data sizes:     COMMON   BANK0   BANK1   BANK3   BANK2
      Params:         0       0       0       0       0
      Locals:         1       0       0       0       0
      Temps:          2       0       0       0       0
      Totals:         3       0       0       0       0
Total ram usage:        3 bytes
 Hardware stack levels used:    1
 Hardware stack levels required when called:    2
 This function calls:
		_Lcd_Port
 This function is called by:
		_Lcd_Clear
		_Lcd_Set_Cursor
		_Lcd_Init
 This function uses a non-reentrant model


 *************** function _Lcd_Port *****************
 Defined at:
		line 1 in file "lcd.h"
 Parameters:    Size  Location     Type
  a               1    wreg     unsigned char 
 Auto vars:     Size  Location     Type
  a               1    2[COMMON] unsigned char 
 Return value:  Size  Location     Type
                  1    wreg      void 
 Registers used:
		wreg
 Tracked objects:
		On entry : 
		On exit  : 
		Unchanged: 
 Data sizes:     COMMON   BANK0   BANK1   BANK3   BANK2
      Params:         0       0       0       0       0
      Locals:         1       0       0       0       0
      Temps:          0       0       0       0       0
      Totals:         1       0       0       0       0
Total ram usage:        1 bytes
 Hardware stack levels used:    1
 Hardware stack levels required when called:    1
 This function calls:
		Nothing
 This function is called by:
		_Lcd_Cmd
		_Lcd_Init
		_Lcd_Write_Char
 This function uses a non-reentrant model


 *************** function _Keypad_init *****************
 Defined at:
		line 1 in file "keypad.h"
 Parameters:    Size  Location     Type
		None
 Auto vars:     Size  Location     Type
		None
 Return value:  Size  Location     Type
                  1    wreg      void 
 Registers used:
		wreg, status,2, status,0, btemp+1
 Tracked objects:
		On entry : 
		On exit  : 
		Unchanged: 
 Data sizes:     COMMON   BANK0   BANK1   BANK3   BANK2
      Params:         0       0       0       0       0
      Locals:         0       0       0       0       0
      Temps:          0       0       0       0       0
      Totals:         0       0       0       0       0
Total ram usage:        0 bytes
 Hardware stack levels used:    1
 Hardware stack levels required when called:    1
 This function calls:
		Nothing
 This function is called by:
		_main
 This function uses a non-reentrant model


 *************** function _NGAT *****************
 Defined at:
		line 99 in file "main.c"
 Parameters:    Size  Location     Type
		None
 Auto vars:     Size  Location     Type
		None
 Return value:  Size  Location     Type
                  1    wreg      void 
 Registers used:
		wreg, status,2, status,0
 Tracked objects:
		On entry : 
		On exit  : 
		Unchanged: 
 Data sizes:     COMMON   BANK0   BANK1   BANK3   BANK2
      Params:         0       0       0       0       0
      Locals:         0       0       0       0       0
      Temps:          2       0       0       0       0
      Totals:         2       0       0       0       0
Total ram usage:        2 bytes
 Hardware stack levels used:    1
 This function calls:
		Nothing
 This function is called by:
		Interrupt level 1
 This function uses a non-reentrant model



MODULE INFORMATION

Module		Function		Class		Link	Load	Size
D:\Program Files\Microchip\xc8\v2.20\pic\sources\c90\common\Umul8.c
		___bmul        		CODE           	1AFC	0000	18

D:\Program Files\Microchip\xc8\v2.20\pic\sources\c90\common\Umul8.c estimated size: 18

D:\Program Files\Microchip\xc8\v2.20\pic\sources\c90\common\lwtoft.c
		___lwtoft      		CODE           	1B1F	0000	21

D:\Program Files\Microchip\xc8\v2.20\pic\sources\c90\common\lwtoft.c estimated size: 21

D:\Program Files\Microchip\xc8\v2.20\pic\sources\c90\common\__lldiv.c
		___lldiv       		CODE           	1FA1	0000	96

D:\Program Files\Microchip\xc8\v2.20\pic\sources\c90\common\__lldiv.c estimated size: 96

D:\Program Files\Microchip\xc8\v2.20\pic\sources\c90\common\fttol.c
		___fttol       		CODE           	11F4	0000	124

D:\Program Files\Microchip\xc8\v2.20\pic\sources\c90\common\fttol.c estimated size: 124

keypad.h
		_Keypad_init   		CODE           	1BE9	0000	40
		_switch_press_scan		CODE           	1ADC	0000	17
		_keypad_scanner		CODE           	08D5	0000	355

keypad.h estimated size: 412

uart.h
		_UART_init     		CODE           	1B0D	0000	19
		_UART_send_string		CODE           	1BA5	0000	34
		_UART_send_char		CODE           	1AA2	0000	7

uart.h estimated size: 60

D:\Program Files\Microchip\xc8\v2.20\pic\sources\c90\common\awdiv.c
		___awdiv       		CODE           	1EEC	0000	90

D:\Program Files\Microchip\xc8\v2.20\pic\sources\c90\common\awdiv.c estimated size: 90

D:\Program Files\Microchip\xc8\v2.20\pic\sources\c90\common\isdigit.c
		_isdigit       		CODE           	1ACE	0000	15

D:\Program Files\Microchip\xc8\v2.20\pic\sources\c90\common\isdigit.c estimated size: 15

D:\Program Files\Microchip\xc8\v2.20\pic\sources\c90\common\lbmod.c
		___lbmod       		CODE           	1BC6	0000	36

D:\Program Files\Microchip\xc8\v2.20\pic\sources\c90\common\lbmod.c estimated size: 36

D:\Program Files\Microchip\xc8\v2.20\pic\sources\c90\common\ftadd.c
		___ftadd       		CODE           	15E3	0000	262

D:\Program Files\Microchip\xc8\v2.20\pic\sources\c90\common\ftadd.c estimated size: 262

D:\Program Files\Microchip\xc8\v2.20\pic\sources\c90\common\aldiv.c
		___aldiv       		CODE           	136F	0000	142

D:\Program Files\Microchip\xc8\v2.20\pic\sources\c90\common\aldiv.c estimated size: 142

D:\Program Files\Microchip\xc8\v2.20\pic\sources\c90\common\doprnt.c
		_scale         		CODE           	0D5A	0000	679
		_sprintf       		CODE           	0026	0000	1753
		_fround        		CODE           	0A37	0000	368

D:\Program Files\Microchip\xc8\v2.20\pic\sources\c90\common\doprnt.c estimated size: 2800

D:\Program Files\Microchip\xc8\v2.20\pic\sources\c90\common\lltoft.c
		___lltoft      		CODE           	1C3B	0000	44

D:\Program Files\Microchip\xc8\v2.20\pic\sources\c90\common\lltoft.c estimated size: 44

D:\Program Files\Microchip\xc8\v2.20\pic\sources\c90\common\Umul16.c
		___wmul        		CODE           	1B84	0000	34

D:\Program Files\Microchip\xc8\v2.20\pic\sources\c90\common\Umul16.c estimated size: 34

pwm.h
		_PWM1_start    		CODE           	1AB4	0000	8
		_PWM1_init     		CODE           	1D74	0000	67
		_PWM_Max_Duty  		CODE           	1C93	0000	50
		_PWM1_Set_duty 		CODE           	1494	0000	168

pwm.h estimated size: 293

D:\Program Files\Microchip\xc8\v2.20\pic\sources\c90\common\ftneg.c
		___ftneg       		CODE           	1ABB	0000	9

D:\Program Files\Microchip\xc8\v2.20\pic\sources\c90\common\ftneg.c estimated size: 9

D:\Program Files\Microchip\xc8\v2.20\pic\sources\c90\common\ftsub.c
		___ftsub       		CODE           	116B	0000	30

D:\Program Files\Microchip\xc8\v2.20\pic\sources\c90\common\ftsub.c estimated size: 30

D:\Program Files\Microchip\xc8\v2.20\pic\sources\c90\common\ftge.c
		___ftge        		CODE           	1C66	0000	46

D:\Program Files\Microchip\xc8\v2.20\pic\sources\c90\common\ftge.c estimated size: 46

D:\Program Files\Microchip\xc8\v2.20\pic\sources\c90\common\float.c
		___ftpack      		CODE           	1188	0000	109

D:\Program Files\Microchip\xc8\v2.20\pic\sources\c90\common\float.c estimated size: 109

D:\Program Files\Microchip\xc8\v2.20\pic\sources\c90\common\ftdivl.c
		__tdiv_to_l_   		CODE           	153B	0000	169

D:\Program Files\Microchip\xc8\v2.20\pic\sources\c90\common\ftdivl.c estimated size: 169

D:\Program Files\Microchip\xc8\v2.20\pic\sources\c90\common\lbdiv.c
		___lbdiv       		CODE           	0801	0000	34

D:\Program Files\Microchip\xc8\v2.20\pic\sources\c90\common\lbdiv.c estimated size: 34

shared
		__stringtab    		STRCODE        	1000	0000	19
		__powers_      		STRCODE        	1012	0000	40
		_dpowers       		STRCODE        	1060	0000	41
		__npowers_     		STRCODE        	1039	0000	40
		__initialization		CODE           	000F	0000	20

shared estimated size: 160

D:\Program Files\Microchip\xc8\v2.20\pic\sources\c90\common\Umul32.c
		___lmul        		CODE           	1D35	0000	64

D:\Program Files\Microchip\xc8\v2.20\pic\sources\c90\common\Umul32.c estimated size: 64

D:\Program Files\Microchip\xc8\v2.20\pic\sources\c90\common\fldivl.c
		__div_to_l_    		CODE           	16E8	0000	281

D:\Program Files\Microchip\xc8\v2.20\pic\sources\c90\common\fldivl.c estimated size: 281

lcd.h
		_Lcd_Write_String		CODE           	1CF7	0000	63
		_Lcd_Init      		CODE           	1F45	0000	93
		_Lcd_Write_Char		CODE           	1CC4	0000	52
		_Lcd_Cmd       		CODE           	1B4B	0000	25
		_Lcd_Set_Cursor		CODE           	1DB6	0000	75
		_Lcd_Clear     		CODE           	1AC3	0000	12
		_Lcd_Port      		CODE           	1B33	0000	25

lcd.h estimated size: 345

D:\Program Files\Microchip\xc8\v2.20\pic\sources\c90\common\ftmul.c
		___ftmul       		CODE           	0822	0000	180

D:\Program Files\Microchip\xc8\v2.20\pic\sources\c90\common\ftmul.c estimated size: 180

D:\Program Files\Microchip\xc8\v2.20\pic\sources\c90\common\awmod.c
		___awmod       		CODE           	1E00	0000	76

D:\Program Files\Microchip\xc8\v2.20\pic\sources\c90\common\awmod.c estimated size: 76

D:\Program Files\Microchip\xc8\v2.20\pic\sources\c90\common\ftdiv.c
		___ftdiv       		CODE           	13FC	0000	153

D:\Program Files\Microchip\xc8\v2.20\pic\sources\c90\common\ftdiv.c estimated size: 153

D:\Program Files\Microchip\xc8\v2.20\pic\sources\c90\common\awtoft.c
		___awtoft      		CODE           	1B63	0000	34

D:\Program Files\Microchip\xc8\v2.20\pic\sources\c90\common\awtoft.c estimated size: 34

D:\Program Files\Microchip\xc8\v2.20\pic\sources\c90\common\llmod.c
		___llmod       		CODE           	1E4B	0000	78

D:\Program Files\Microchip\xc8\v2.20\pic\sources\c90\common\llmod.c estimated size: 78

main.c
		_main          		CODE           	06FE	0000	251
		_timer1        		CODE           	1AEC	0000	17
		_NGAT          		CODE           	1C10	0000	44
		_timer0_init   		CODE           	1AAE	0000	7
		_Speed         		CODE           	12EC	0000	132
		_inputValue    		CODE           	0BA6	0000	437
		_ngat_init     		CODE           	1AA8	0000	7
		_convert       		CODE           	1E98	0000	85
		_SwitchMode    		CODE           	126F	0000	126

main.c estimated size: 1106

